// Jest Snapshot v1, https://goo.gl/fbAQLP

exports[`renders 1`] = `
<section>
  <div class="popover is-visibile" role="dialog" aria-labelledby="dialogTitle">
    <div class="popover-container">
      <h2 class="popover-title" id="dialogTitle">Loading</h2>
      <img class="popover-img" src="/assets/icons/loading.svg" alt="loading animation"
      />
    </div>
  </div>
  <div class="app-container is-loading">
    <section role="switch" tabIndex="0" class="photo-view">
      <div class="header-container is-invisibile">
        <header class="header-bar header-bar-inverse">
          <h1 class="header-title"></h1>
        </header>
      </div>
      <div class="photo-viewer"></div>
      <nav class="navbar is-invisibile">
        <img class="navbar-item" src="/assets/icons/plusOne.jpg" alt="give +1"
        />
        <img class="navbar-item" src="/assets/icons/comment.jpg" alt="comment"
        />
        <img class="navbar-item" src="/assets/icons/add.jpg" alt="add" />
        <img class="navbar-item" src="/assets/icons/arrow.jpg" alt="share" />
      </nav>
    </section>
  </div>
</section>
`;
